
[04:54:24 UTC] [INFO] Starting import process | Context: {"template_type":"classic","uuid":""}
[04:54:24 UTC] [INFO] Started Import Process
[04:54:24 UTC] [INFO] # System Details: 
[04:54:24 UTC] [INFO] Debug Mode 		: Desactivado
[04:54:24 UTC] [INFO] Operating System 	: WINNT
[04:54:24 UTC] [INFO] Software 		: Apache/2.4.58 (Win64) OpenSSL/3.1.3 PHP/8.1.25
[04:54:24 UTC] [INFO] MySQL version 		: 10.4.32
[04:54:24 UTC] [INFO] XML Reader 		: Sí
[04:54:24 UTC] [INFO] PHP Version 		: 8.1.25
[04:54:24 UTC] [INFO] PHP Max Input Vars 	: 1000
[04:54:24 UTC] [INFO] PHP Max Post Size 	: 40M
[04:54:24 UTC] [INFO] PHP Extension GD 	: No
[04:54:24 UTC] [INFO] PHP Max Execution Time 	: 120
[04:54:24 UTC] [INFO] Max Upload Size 	: 40 MB
[04:54:24 UTC] [INFO] Memory Limit 		: El límite de memoria actual es 40M. Recomendamos ajustar la memoria a por lo menos 64M.
[04:54:24 UTC] [INFO] Timezone 		: Europe/Madrid
[04:54:24 UTC] [INFO] 
-----

[04:54:24 UTC] [INFO] Importing Started! - 04:54:24 UTC
[04:54:25 UTC] [INFO] ---

[04:54:25 UTC] [INFO] WHY IMPORT PROCESS CAN FAIL? READ THIS - 
[04:54:25 UTC] [INFO] https://wpastra.com/docs/?p=1314&utm_source=demo-import-panel&utm_campaign=import-error&utm_medium=wp-dashboard

[04:54:25 UTC] [INFO] ---

[04:54:25 UTC] [SUCCESS] Import process start flag set successfully | Context: {"template_type":"classic"}
[04:54:36 UTC] [INFO] Image subsizes deferral enabled for import
[04:54:36 UTC] [INFO] Image subsizes deferral enabled for import
[04:54:36 UTC] [INFO] Image subsizes deferral enabled for import
[04:54:37 UTC] [INFO] Image subsizes deferral enabled for import
[04:54:37 UTC] [INFO] Image subsizes deferral enabled for import
[04:54:38 UTC] [INFO] Image subsizes deferral enabled for import
[04:54:45 UTC] [INFO] Image subsizes deferral enabled for import
[04:54:45 UTC] [INFO] Image subsizes deferral enabled for import
[04:54:48 UTC] [INFO] Checking if plugin directory clearing is needed
[04:54:48 UTC] [INFO] Plugin install clear directory enabled - Will clear destination directory
[04:54:48 UTC] [INFO] Plugin install clear directory options returned
[04:54:58 UTC] [SUCCESS] {"required_plugins":{"active":[{"slug":"elementor","init":"elementor\/elementor.php","name":"Elementor"},{"slug":"woocommerce","init":"woocommerce\/woocommerce.php","name":"WooCommerce"},{"slug":"cartflows","init":"cartflows\/cartflows.php","name":"CartFlows"},{"slug":"variation-swatches-woo","init":"variation-swatches-woo\/variation-swatches-woo.php","name":"Variation Swatches for WooCommerce"},{"slug":"woocommerce-payments","init":"woocommerce-payments\/woocommerce-payments.php","name":"WooPayments"}],"inactive":[{"slug":"woo-cart-abandonment-recovery","init":"woo-cart-abandonment-recovery\/woo-cart-abandonment-recovery.php","name":"Cart Abandonment Recovery for WooCommerce","action":"http:\/\/localhost:8081\/FarmaClic\/wp-admin\/plugins.php?action=activate&plugin=woo-cart-abandonment-recovery%2Fwoo-cart-abandonment-recovery.php&_wpnonce=79ed0e98c8"}],"notinstalled":[{"slug":"header-footer-elementor","init":"header-footer-elementor\/header-footer-elementor.php","name":"Ultimate Addons for Elementor (UAE)","action":"http:\/\/localhost:8081\/FarmaClic\/wp-admin\/update.php?action=install-plugin&plugin=header-footer-elementor&_wpnonce=a69ef8fef1"},{"slug":"modern-cart","init":"modern-cart\/modern-cart.php","name":"Modern Cart Starter for WooCommerce","action":"http:\/\/localhost:8081\/FarmaClic\/wp-admin\/update.php?action=install-plugin&plugin=modern-cart&_wpnonce=00304d8c64"},{"slug":"power-coupons","init":"power-coupons\/power-coupons.php","name":"Power Coupons for WooCommerce","action":"http:\/\/localhost:8081\/FarmaClic\/wp-admin\/update.php?action=install-plugin&plugin=power-coupons&_wpnonce=7aecb3eac5"},{"name":"SureRank","slug":"surerank","init":"surerank\/surerank.php","action":"http:\/\/localhost:8081\/FarmaClic\/wp-admin\/update.php?action=install-plugin&plugin=surerank&_wpnonce=0af73c1199"}]},"third_party_required_plugins":[],"update_avilable_plugins":[],"incompatible_plugins":[],"error":false} | Context: {"required_plugins":{"active":[{"slug":"elementor","init":"elementor\/elementor.php","name":"Elementor"},{"slug":"woocommerce","init":"woocommerce\/woocommerce.php","name":"WooCommerce"},{"slug":"cartflows","init":"cartflows\/cartflows.php","name":"CartFlows"},{"slug":"variation-swatches-woo","init":"variation-swatches-woo\/variation-swatches-woo.php","name":"Variation Swatches for WooCommerce"},{"slug":"woocommerce-payments","init":"woocommerce-payments\/woocommerce-payments.php","name":"WooPayments"}],"inactive":[{"slug":"woo-cart-abandonment-recovery","init":"woo-cart-abandonment-recovery\/woo-cart-abandonment-recovery.php","name":"Cart Abandonment Recovery for WooCommerce","action":"http:\/\/localhost:8081\/FarmaClic\/wp-admin\/plugins.php?action=activate&plugin=woo-cart-abandonment-recovery%2Fwoo-cart-abandonment-recovery.php&_wpnonce=79ed0e98c8"}],"notinstalled":[{"slug":"header-footer-elementor","init":"header-footer-elementor\/header-footer-elementor.php","name":"Ultimate Addons for Elementor (UAE)","action":"http:\/\/localhost:8081\/FarmaClic\/wp-admin\/update.php?action=install-plugin&plugin=header-footer-elementor&_wpnonce=a69ef8fef1"},{"slug":"modern-cart","init":"modern-cart\/modern-cart.php","name":"Modern Cart Starter for WooCommerce","action":"http:\/\/localhost:8081\/FarmaClic\/wp-admin\/update.php?action=install-plugin&plugin=modern-cart&_wpnonce=00304d8c64"},{"slug":"power-coupons","init":"power-coupons\/power-coupons.php","name":"Power Coupons for WooCommerce","action":"http:\/\/localhost:8081\/FarmaClic\/wp-admin\/update.php?action=install-plugin&plugin=power-coupons&_wpnonce=7aecb3eac5"},{"name":"SureRank","slug":"surerank","init":"surerank\/surerank.php","action":"http:\/\/localhost:8081\/FarmaClic\/wp-admin\/update.php?action=install-plugin&plugin=surerank&_wpnonce=0af73c1199"}]},"third_party_required_plugins":[],"update_avilable_plugins":[],"incompatible_plugins":[],"error":false}
[04:55:07 UTC] [INFO] Image subsizes deferral enabled for import
[04:55:10 UTC] [INFO] Import process completed. Cleaning up log file option.
[04:56:24 UTC] [SUCCESS] Plugin activado | Context: {"success":true,"status":"activated","message":"Plugin activado"}